import started Wed Jun  3 08:52:51 2026

/music/The Animals Tribute Channel (unofficial) - The Animals - House of the Rising Sun (1964) ♫ 60+ YEARS 🎶⭐ ❤.mp3 (1 items)
Skipping.
skip /music/The Animals Tribute Channel (unofficial) - The Animals - House of the Rising Sun (1964) ♫ 60+ YEARS 🎶⭐ ❤.mp3
import started Wed Jun  3 08:52:54 2026

/music/Club Sounds - Drenchill - Paradise (Official Video) ft. Indiiana.mp3 (1 items)
Skipping.
skip /music/Club Sounds - Drenchill - Paradise (Official Video) ft. Indiiana.mp3
import started Wed Jun  3 08:52:57 2026

/music/Metallica - Metallica One (Official Music Video).mp3 (1 items)
Skipping.
skip /music/Metallica - Metallica One (Official Music Video).mp3
import started Wed Jun  3 08:52:59 2026

/music/Robbie Williams - Robbie Williams - Angels.mp3 (1 items)
Skipping.
skip /music/Robbie Williams - Robbie Williams - Angels.mp3
import started Wed Jun  3 08:53:02 2026

/music/Brčkova hudba - Iveta Bartošová - Léto.mp3 (1 items)
Skipping.
skip /music/Brčkova hudba - Iveta Bartošová - Léto.mp3
import started Wed Jun  3 08:53:05 2026

/music/Mihey - Chad Kroeger feat. Josey Scott - Hero (2002) HQ.mp3 (1 items)
Skipping.
skip /music/Mihey - Chad Kroeger feat. Josey Scott - Hero (2002) HQ.mp3
import started Wed Jun  3 08:53:08 2026

/music/Kanye West - Kanye West - Heartless.mp3 (1 items)
Skipping.
skip /music/Kanye West - Kanye West - Heartless.mp3
import started Wed Jun  3 08:53:10 2026

/music/Talking Heads - Talking Heads - Psycho Killer (Official Video).mp3 (1 items)
Skipping.
skip /music/Talking Heads - Talking Heads - Psycho Killer (Official Video).mp3
import started Wed Jun  3 08:53:13 2026

/music/Atlantic Records - Inna - More Than Friends (feat. Daddy Yankee) [Official Video].mp3 (1 items)
Skipping.
skip /music/Atlantic Records - Inna - More Than Friends (feat. Daddy Yankee) [Official Video].mp3
import started Wed Jun  3 08:53:16 2026

/music/Cutting Crew Music - Cutting Crew - (I Just) Died In Your Arms (Official Music Video).mp3 (1 items)
Skipping.
skip /music/Cutting Crew Music - Cutting Crew - (I Just) Died In Your Arms (Official Music Video).mp3
import started Wed Jun  3 08:53:19 2026

/music/DMX - DMX - Slippin'.mp3 (1 items)
Skipping.
skip /music/DMX - DMX - Slippin'.mp3
import started Wed Jun  3 08:53:21 2026

/music/Pizza Music - The Kolors - ITALODISCO.mp3 (1 items)
Skipping.
skip /music/Pizza Music - The Kolors - ITALODISCO.mp3
import started Wed Jun  3 08:53:24 2026

/music/Keane - Keane - Somewhere Only We Know (Official Music Video).mp3 (1 items)
Skipping.
skip /music/Keane - Keane - Somewhere Only We Know (Official Music Video).mp3
import started Wed Jun  3 08:53:27 2026

/music/AronChupa & Little Sis Nora - AronChupa, Little Sis Nora - I'm an Albatraoz OFFICIAL VIDEO.mp3 (1 items)
Skipping.
skip /music/AronChupa & Little Sis Nora - AronChupa, Little Sis Nora - I'm an Albatraoz OFFICIAL VIDEO.mp3
import started Wed Jun  3 08:53:30 2026

/music/Creedence Clearwater Revival - Creedence Clearwater Revival - I Heard It Through The Grapevine (Official Music Video).mp3 (1 items)
Skipping.
skip /music/Creedence Clearwater Revival - Creedence Clearwater Revival - I Heard It Through The Grapevine (Official Music Video).mp3
import started Wed Jun  3 08:55:17 2026

/music/sombr - sombr - undressed.mp3 (1 items)
Skipping.
skip /music/sombr - sombr - undressed.mp3
import started Wed Jun  3 08:55:20 2026

/music/Ace of Base - Ace of Base - The Sign.mp3 (1 items)
Skipping.
skip /music/Ace of Base - Ace of Base - The Sign.mp3
import started Wed Jun  3 08:55:23 2026

/music/MaKs_IV - Sugarcult - Los Angeles.mp3 (1 items)
Skipping.
skip /music/MaKs_IV - Sugarcult - Los Angeles.mp3
import started Wed Jun  3 08:55:26 2026

/music/Usher - Usher - Yeah! ft. Lil Jon, Ludacris.mp3 (1 items)
Skipping.
skip /music/Usher - Usher - Yeah! ft. Lil Jon, Ludacris.mp3
import started Wed Jun  3 08:55:29 2026

/music/TheCasualtiesNYC - The Casualties - We Are All We Have.mp3 (1 items)
Skipping.
skip /music/TheCasualtiesNYC - The Casualties - We Are All We Have.mp3
import started Wed Jun  3 08:55:31 2026

/music/DÖGÖS ROBI OFFICIAL - Dögös Robi - Roni Mó!.mp3 (1 items)
Skipping.
skip /music/DÖGÖS ROBI OFFICIAL - Dögös Robi - Roni Mó!.mp3
import started Wed Jun  3 08:55:34 2026

/music/Daft Punk - Daft Punk - Around The World.mp3 (1 items)
Skipping.
skip /music/Daft Punk - Daft Punk - Around The World.mp3
import started Wed Jun  3 10:43:34 2026

/music/Century Media Records - ARCH ENEMY - The Eagle Flies Alone (OFFICIAL VIDEO).mp3 (1 items)
Skipping.
skip /music/Century Media Records - ARCH ENEMY - The Eagle Flies Alone (OFFICIAL VIDEO).mp3
import started Wed Jun  3 10:43:49 2026

/music/Century Media Records - ARCH ENEMY - The Eagle Flies Alone.mp3 (1 items)
Skipping.
skip /music/Century Media Records - ARCH ENEMY - The Eagle Flies Alone.mp3
import started Wed Jun  3 10:44:01 2026

/music/BestJewishSongs - Hava Naguila - Techno Remix.mp3 (1 items)
Skipping.
skip /music/BestJewishSongs - Hava Naguila - Techno Remix.mp3
import started Wed Jun  3 10:44:20 2026
No files imported from /music/BestJewishSongs - Hava Naguila - Techno Remix.mp3
Skipped 1 paths.
import started Wed Jun  3 10:44:22 2026

/music/Rammstein Official - Rammstein - Feuer Frei! (Official Video).mp3 (1 items)
Skipping.
skip /music/Rammstein Official - Rammstein - Feuer Frei! (Official Video).mp3
import started Wed Jun  3 10:44:41 2026

/music/Rammstein Official - Rammstein - Feuer Frei!.mp3 (1 items)
Skipping.
skip /music/Rammstein Official - Rammstein - Feuer Frei!.mp3
import started Wed Jun  3 10:45:01 2026

/music/Bart Claessen - Barthezz - On The Move (Official Music Video).mp3 (1 items)
Skipping.
skip /music/Bart Claessen - Barthezz - On The Move (Official Music Video).mp3
import started Wed Jun  3 10:45:35 2026

/music/Bart Claessen - Barthezz - On The Move.mp3 (1 items)
Skipping.
skip /music/Bart Claessen - Barthezz - On The Move.mp3
import started Wed Jun  3 10:45:51 2026

/music/U2 - U2 - I Still Haven't Found What I'm Looking For (Official Music Video).mp3 (1 items)
Skipping.
skip /music/U2 - U2 - I Still Haven't Found What I'm Looking For (Official Music Video).mp3
import started Wed Jun  3 10:45:58 2026

/music/U2 - U2 - I Still Haven't Found What I'm Looking For.mp3 (1 items)
Skipping.
skip /music/U2 - U2 - I Still Haven't Found What I'm Looking For.mp3
import started Wed Jun  3 10:46:27 2026

/music/David Guetta - David Guetta - Dangerous (Lyric Video) ft Sam Martin.mp3 (1 items)
Skipping.
skip /music/David Guetta - David Guetta - Dangerous (Lyric Video) ft Sam Martin.mp3
import started Wed Jun  3 10:46:42 2026

/music/David Guetta - David Guetta - Dangerous ft Sam Martin.mp3 (1 items)
Skipping.
skip /music/David Guetta - David Guetta - Dangerous ft Sam Martin.mp3
import started Wed Jun  3 10:46:54 2026

/music/Talk Talk band - Talk Talk - Such A Shame (Official Video).mp3 (1 items)
Skipping.
skip /music/Talk Talk band - Talk Talk - Such A Shame (Official Video).mp3
import started Wed Jun  3 10:47:10 2026

/music/Talk Talk band - Talk Talk - Such A Shame.mp3 (1 items)
Skipping.
skip /music/Talk Talk band - Talk Talk - Such A Shame.mp3
import started Wed Jun  3 10:47:24 2026
import started Wed Jun  3 10:51:56 2026

/music/Spinnin' Records - INNA - Love (Official Music Video).mp3
Skipping.
skip /music/Spinnin' Records - INNA - Love (Official Music Video).mp3
import started Wed Jun  3 10:52:04 2026

/music/Spinnin' Records - INNA - Love.mp3
Skipping.
skip /music/Spinnin' Records - INNA - Love.mp3
import started Wed Jun  3 10:52:15 2026

/music/Altra Moda Music - Captain Hollywood Project - More and More (Official Video).mp3
Skipping.
skip /music/Altra Moda Music - Captain Hollywood Project - More and More (Official Video).mp3
import started Wed Jun  3 10:52:27 2026

/music/Altra Moda Music - Captain Hollywood Project - More and More.mp3
Skipping.
skip /music/Altra Moda Music - Captain Hollywood Project - More and More.mp3
import started Wed Jun  3 10:52:36 2026

/music/Freddie Mercury Solo - Freddie Mercury - Living On My Own (1993 Remix Remastered).mp3
Skipping.
skip /music/Freddie Mercury Solo - Freddie Mercury - Living On My Own (1993 Remix Remastered).mp3
import started Wed Jun  3 10:52:43 2026

/music/Freddie Mercury Solo - Freddie Mercury - Living On My Own (1993 Remix Remastered).mp3
Skipping.
skip /music/Freddie Mercury Solo - Freddie Mercury - Living On My Own (1993 Remix Remastered).mp3
import started Wed Jun  3 10:52:53 2026

/music/Poppy - Poppy - X (Official Music Video).mp3
Skipping.
skip /music/Poppy - Poppy - X (Official Music Video).mp3
import started Wed Jun  3 10:52:59 2026

/music/Poppy - Poppy - X.mp3
Skipping.
skip /music/Poppy - Poppy - X.mp3
import started Wed Jun  3 10:53:09 2026

/music/DESmodWorld - Desmod - Zhori vsetko co mam (Video).mp3
Skipping.
skip /music/DESmodWorld - Desmod - Zhori vsetko co mam (Video).mp3
import started Wed Jun  3 10:53:18 2026

/music/DESmodWorld - Desmod - Zhori vsetko co mam.mp3
Skipping.
skip /music/DESmodWorld - Desmod - Zhori vsetko co mam.mp3
import started Wed Jun  3 10:53:27 2026

/music/Soundgarden - Soundgarden - Black Hole Sun.mp3
Skipping.
skip /music/Soundgarden - Soundgarden - Black Hole Sun.mp3
import started Wed Jun  3 10:53:36 2026

/music/Soundgarden - Soundgarden - Black Hole Sun.mp3
Skipping.
skip /music/Soundgarden - Soundgarden - Black Hole Sun.mp3
import started Wed Jun  3 10:53:48 2026

/music/Nightwish - Nightwish - Wish I Had An Angel (OFFICIAL VIDEO).mp3
Skipping.
skip /music/Nightwish - Nightwish - Wish I Had An Angel (OFFICIAL VIDEO).mp3
import started Wed Jun  3 10:54:04 2026

/music/Nightwish - Nightwish - Wish I Had An Angel.mp3
Skipping.
skip /music/Nightwish - Nightwish - Wish I Had An Angel.mp3
import started Wed Jun  3 10:54:18 2026

/music/Disturbed - Disturbed - Down With The Sickness (Official Music Video) [HD UPGRADE].mp3
Skipping.
skip /music/Disturbed - Disturbed - Down With The Sickness (Official Music Video) [HD UPGRADE].mp3
import started Wed Jun  3 10:54:32 2026

/music/Disturbed - Disturbed - Down With The Sickness.mp3
Skipping.
skip /music/Disturbed - Disturbed - Down With The Sickness.mp3
import started Wed Jun  3 10:54:48 2026

/music/Katy Perry - Katy Perry - Hot N Cold (Official Music Video).mp3
Skipping.
skip /music/Katy Perry - Katy Perry - Hot N Cold (Official Music Video).mp3
import started Wed Jun  3 10:54:55 2026

/music/Katy Perry - Katy Perry - Hot N Cold.mp3
Skipping.
skip /music/Katy Perry - Katy Perry - Hot N Cold.mp3
import started Wed Jun  3 10:55:06 2026

/music/Epitaph Records - The Offspring - Self Esteem.mp3
Skipping.
skip /music/Epitaph Records - The Offspring - Self Esteem.mp3
import started Wed Jun  3 10:55:20 2026

/music/Epitaph Records - The Offspring - Self Esteem.mp3
Skipping.
skip /music/Epitaph Records - The Offspring - Self Esteem.mp3
import started Wed Jun  3 10:55:37 2026

/music/Adam Lambert - Adam Lambert - Whataya Want from Me (Official Video).mp3
Skipping.
skip /music/Adam Lambert - Adam Lambert - Whataya Want from Me (Official Video).mp3
import started Wed Jun  3 10:55:44 2026

/music/Adam Lambert - Adam Lambert - Whataya Want from Me.mp3
Skipping.
skip /music/Adam Lambert - Adam Lambert - Whataya Want from Me.mp3
import started Wed Jun  3 10:55:58 2026

/music/iced out PTK - PTK - NEVEZMU TĚ Z KLUBU DOMU 2.mp3
Skipping.
skip /music/iced out PTK - PTK - NEVEZMU TĚ Z KLUBU DOMU 2.mp3
import started Wed Jun  3 10:56:05 2026

/music/iced out PTK - PTK - NEVEZMU TĚ Z KLUBU DOMU 2.mp3
Skipping.
skip /music/iced out PTK - PTK - NEVEZMU TĚ Z KLUBU DOMU 2.mp3
import started Wed Jun  3 10:56:14 2026

/music/Radial ES - Aserejé (The Ketchup Song) [Spanish Version] - Las Ketchup.mp3
Skipping.
skip /music/Radial ES - Aserejé (The Ketchup Song) [Spanish Version] - Las Ketchup.mp3
import started Wed Jun  3 10:56:27 2026

/music/Radial ES - Aserejé (The Ketchup Song) - Las Ketchup.mp3
Skipping.
skip /music/Radial ES - Aserejé (The Ketchup Song) - Las Ketchup.mp3
import started Wed Jun  3 10:56:36 2026

/music/remhq - R.E.M. - Losing My Religion (Official HD Music Video).mp3
Skipping.
skip /music/remhq - R.E.M. - Losing My Religion (Official HD Music Video).mp3
import started Wed Jun  3 10:56:45 2026

/music/remhq - R.E.M. - Losing My Religion.mp3
Skipping.
skip /music/remhq - R.E.M. - Losing My Religion.mp3
import started Wed Jun  3 10:56:56 2026
user configuration: /config/config.yaml
data directory: /config
plugin paths: []
Loading plugins: chroma, duplicates, fetchart, fromfilename, lastgenre, lyrics, mbsync
fetchart: lastfm: Disabling art source due to missing key
fetchart: google: Disabling art source due to missing key
lastgenre: Loading whitelist /lsiopy/lib/python3.12/site-packages/beetsplug/lastgenre/genres.txt
lastgenre: Loading canonicalization tree /lsiopy/lib/python3.12/site-packages/beetsplug/lastgenre/genres-tree.yaml
Sending event: pluginload
library database: /config/library.db
library directory: /fixed
Sending event: library_opened
import started Wed Jun  3 11:00:27 2026
Sending event: import_begin
Sending event: import_task_created
Sending event: import_task_start
Looking up: /music/zyxdance - Gigi D'Agostino - The Riddle.mp3
Item search terms: zyxdance - Gigi D'Agostino - The Riddle
Found 0 candidates.

/music/zyxdance - Gigi D'Agostino - The Riddle.mp3
Skipping.
skip /music/zyxdance - Gigi D'Agostino - The Riddle.mp3
Sending event: import_task_choice
Sending event: import
Sending event: cli_exit
user configuration: /config/config.yaml
data directory: /config
plugin paths: []
Loading plugins: chroma, duplicates, fetchart, fromfilename, lastgenre, lyrics, mbsync
fetchart: lastfm: Disabling art source due to missing key
fetchart: google: Disabling art source due to missing key
lastgenre: Loading whitelist /lsiopy/lib/python3.12/site-packages/beetsplug/lastgenre/genres.txt
lastgenre: Loading canonicalization tree /lsiopy/lib/python3.12/site-packages/beetsplug/lastgenre/genres-tree.yaml
Sending event: pluginload
library database: /config/library.db
library directory: /fixed
Sending event: library_opened
import started Wed Jun  3 11:00:28 2026
Sending event: import_begin
Sending event: import_task_created
Sending event: import_task_start
Looking up: /music/zyxdance - Gigi D'Agostino - The Riddle.mp3
Item search terms: zyxdance - Gigi D'Agostino - The Riddle
Found 0 candidates.

/music/zyxdance - Gigi D'Agostino - The Riddle.mp3
Skipping.
skip /music/zyxdance - Gigi D'Agostino - The Riddle.mp3
Sending event: import_task_choice
Sending event: import
Sending event: cli_exit
user configuration: /config/config.yaml
data directory: /config
plugin paths: []
Loading plugins: chroma, duplicates, fetchart, fromfilename, lastgenre, lyrics, mbsync
fetchart: lastfm: Disabling art source due to missing key
fetchart: google: Disabling art source due to missing key
lastgenre: Loading whitelist /lsiopy/lib/python3.12/site-packages/beetsplug/lastgenre/genres.txt
lastgenre: Loading canonicalization tree /lsiopy/lib/python3.12/site-packages/beetsplug/lastgenre/genres-tree.yaml
Sending event: pluginload
library database: /config/library.db
library directory: /fixed
Sending event: library_opened
import started Wed Jun  3 11:00:32 2026
Sending event: import_begin
Sending event: import_task_created
Sending event: import_task_start
Looking up: /music/Alok - Alok x Mondello x CERES x Tribbs – LET’S GET FKD UP (Official Visualizer).mp3
Item search terms: Alok - Alok x Mondello x CERES x Tribbs – LET’S GET FKD UP (Official Visualizer)
Found 0 candidates.

/music/Alok - Alok x Mondello x CERES x Tribbs – LET’S GET FKD UP (Official Visualizer).mp3
Skipping.
skip /music/Alok - Alok x Mondello x CERES x Tribbs – LET’S GET FKD UP (Official Visualizer).mp3
Sending event: import_task_choice
Sending event: import
Sending event: cli_exit
user configuration: /config/config.yaml
data directory: /config
plugin paths: []
Loading plugins: chroma, duplicates, fetchart, fromfilename, lastgenre, lyrics, mbsync
fetchart: lastfm: Disabling art source due to missing key
fetchart: google: Disabling art source due to missing key
lastgenre: Loading whitelist /lsiopy/lib/python3.12/site-packages/beetsplug/lastgenre/genres.txt
lastgenre: Loading canonicalization tree /lsiopy/lib/python3.12/site-packages/beetsplug/lastgenre/genres-tree.yaml
Sending event: pluginload
library database: /config/library.db
library directory: /fixed
Sending event: library_opened
import started Wed Jun  3 11:00:33 2026
Sending event: import_begin
Sending event: import_task_created
Sending event: import_task_start
Looking up: /music/Alok - Alok x Mondello x CERES x Tribbs – LET’S GET FKD UP.mp3
Item search terms: Alok - Alok x Mondello x CERES x Tribbs – LET’S GET FKD UP (Official Visualizer)
Found 0 candidates.

/music/Alok - Alok x Mondello x CERES x Tribbs – LET’S GET FKD UP.mp3
Skipping.
skip /music/Alok - Alok x Mondello x CERES x Tribbs – LET’S GET FKD UP.mp3
Sending event: import_task_choice
Sending event: import
Sending event: cli_exit
user configuration: /config/config.yaml
data directory: /config
plugin paths: []
Loading plugins: chroma, duplicates, fetchart, fromfilename, lastgenre, lyrics, mbsync
fetchart: lastfm: Disabling art source due to missing key
fetchart: google: Disabling art source due to missing key
lastgenre: Loading whitelist /lsiopy/lib/python3.12/site-packages/beetsplug/lastgenre/genres.txt
lastgenre: Loading canonicalization tree /lsiopy/lib/python3.12/site-packages/beetsplug/lastgenre/genres-tree.yaml
Sending event: pluginload
library database: /config/library.db
library directory: /fixed
Sending event: library_opened
import started Wed Jun  3 11:00:37 2026
Sending event: import_begin
Sending event: import_task_created
Sending event: import_task_start
Looking up: /music/AFI AFIREINSIDE - AFI - Miss Murder (Official Music Video) (Long Version).mp3
Item search terms: AFI AFIREINSIDE - AFI - Miss Murder (Official Music Video) (Long Version)
Found 0 candidates.

/music/AFI AFIREINSIDE - AFI - Miss Murder (Official Music Video) (Long Version).mp3
Skipping.
skip /music/AFI AFIREINSIDE - AFI - Miss Murder (Official Music Video) (Long Version).mp3
Sending event: import_task_choice
Sending event: import
Sending event: cli_exit
user configuration: /config/config.yaml
data directory: /config
plugin paths: []
Loading plugins: chroma, duplicates, fetchart, fromfilename, lastgenre, lyrics, mbsync
fetchart: lastfm: Disabling art source due to missing key
fetchart: google: Disabling art source due to missing key
lastgenre: Loading whitelist /lsiopy/lib/python3.12/site-packages/beetsplug/lastgenre/genres.txt
lastgenre: Loading canonicalization tree /lsiopy/lib/python3.12/site-packages/beetsplug/lastgenre/genres-tree.yaml
Sending event: pluginload
library database: /config/library.db
library directory: /fixed
Sending event: library_opened
import started Wed Jun  3 11:00:38 2026
Sending event: import_begin
Sending event: import_task_created
Sending event: import_task_start
Looking up: /music/AFI AFIREINSIDE - AFI - Miss Murder (Long Version).mp3
Item search terms: AFI AFIREINSIDE - AFI - Miss Murder (Official Music Video) (Long Version)
Found 0 candidates.

/music/AFI AFIREINSIDE - AFI - Miss Murder (Long Version).mp3
Skipping.
skip /music/AFI AFIREINSIDE - AFI - Miss Murder (Long Version).mp3
Sending event: import_task_choice
Sending event: import
Sending event: cli_exit
user configuration: /config/config.yaml
data directory: /config
plugin paths: []
Loading plugins: chroma, duplicates, fetchart, fromfilename, lastgenre, lyrics, mbsync
fetchart: lastfm: Disabling art source due to missing key
fetchart: google: Disabling art source due to missing key
lastgenre: Loading whitelist /lsiopy/lib/python3.12/site-packages/beetsplug/lastgenre/genres.txt
lastgenre: Loading canonicalization tree /lsiopy/lib/python3.12/site-packages/beetsplug/lastgenre/genres-tree.yaml
Sending event: pluginload
library database: /config/library.db
library directory: /fixed
Sending event: library_opened
import started Wed Jun  3 11:00:42 2026
Sending event: import_begin
Sending event: import_task_created
Sending event: import_task_start
Looking up: /music/DONFANTASTICKYPESS - Rytmus - Bengoro ft. Kmeťoband.mp3
Item search terms: DONFANTASTICKYPESS - Rytmus - Bengoro ft. Kmeťoband
Found 0 candidates.

/music/DONFANTASTICKYPESS - Rytmus - Bengoro ft. Kmeťoband.mp3
Skipping.
skip /music/DONFANTASTICKYPESS - Rytmus - Bengoro ft. Kmeťoband.mp3
Sending event: import_task_choice
Sending event: import
Sending event: cli_exit
user configuration: /config/config.yaml
data directory: /config
plugin paths: []
Loading plugins: chroma, duplicates, fetchart, fromfilename, lastgenre, lyrics, mbsync
fetchart: lastfm: Disabling art source due to missing key
fetchart: google: Disabling art source due to missing key
lastgenre: Loading whitelist /lsiopy/lib/python3.12/site-packages/beetsplug/lastgenre/genres.txt
lastgenre: Loading canonicalization tree /lsiopy/lib/python3.12/site-packages/beetsplug/lastgenre/genres-tree.yaml
Sending event: pluginload
library database: /config/library.db
library directory: /fixed
Sending event: library_opened
import started Wed Jun  3 11:00:44 2026
Sending event: import_begin
Sending event: import_task_created
Sending event: import_task_start
Looking up: /music/DONFANTASTICKYPESS - Rytmus - Bengoro ft. Kmeťoband.mp3
Item search terms: DONFANTASTICKYPESS - Rytmus - Bengoro ft. Kmeťoband
Found 0 candidates.

/music/DONFANTASTICKYPESS - Rytmus - Bengoro ft. Kmeťoband.mp3
Skipping.
skip /music/DONFANTASTICKYPESS - Rytmus - Bengoro ft. Kmeťoband.mp3
Sending event: import_task_choice
Sending event: import
Sending event: cli_exit
user configuration: /config/config.yaml
data directory: /config
plugin paths: []
Loading plugins: chroma, duplicates, fetchart, fromfilename, lastgenre, lyrics, mbsync
fetchart: lastfm: Disabling art source due to missing key
fetchart: google: Disabling art source due to missing key
lastgenre: Loading whitelist /lsiopy/lib/python3.12/site-packages/beetsplug/lastgenre/genres.txt
lastgenre: Loading canonicalization tree /lsiopy/lib/python3.12/site-packages/beetsplug/lastgenre/genres-tree.yaml
Sending event: pluginload
library database: /config/library.db
library directory: /fixed
Sending event: library_opened
import started Wed Jun  3 11:00:47 2026
Sending event: import_begin
Sending event: import_task_created
Sending event: import_task_start
Looking up: /music/Arash - Arash feat. Helena - Broken Angel (Official Video).mp3
Item search terms: Arash - Arash feat. Helena - Broken Angel (Official Video)
Found 0 candidates.

/music/Arash - Arash feat. Helena - Broken Angel (Official Video).mp3
Skipping.
skip /music/Arash - Arash feat. Helena - Broken Angel (Official Video).mp3
Sending event: import_task_choice
Sending event: import
Sending event: cli_exit
user configuration: /config/config.yaml
data directory: /config
plugin paths: []
Loading plugins: chroma, duplicates, fetchart, fromfilename, lastgenre, lyrics, mbsync
fetchart: lastfm: Disabling art source due to missing key
fetchart: google: Disabling art source due to missing key
lastgenre: Loading whitelist /lsiopy/lib/python3.12/site-packages/beetsplug/lastgenre/genres.txt
lastgenre: Loading canonicalization tree /lsiopy/lib/python3.12/site-packages/beetsplug/lastgenre/genres-tree.yaml
Sending event: pluginload
library database: /config/library.db
library directory: /fixed
Sending event: library_opened
import started Wed Jun  3 11:00:49 2026
Sending event: import_begin
Sending event: import_task_created
Sending event: import_task_start
Looking up: /music/Arash - Arash feat. Helena - Broken Angel.mp3
Item search terms: Arash - Arash feat. Helena - Broken Angel (Official Video)
Found 0 candidates.

/music/Arash - Arash feat. Helena - Broken Angel.mp3
Skipping.
skip /music/Arash - Arash feat. Helena - Broken Angel.mp3
Sending event: import_task_choice
Sending event: import
Sending event: cli_exit
